
> frontend@0.0.0 build
> vite build

[36mvite v7.3.1 [32mbuilding client environment for production...[36m[39m
transforming...
[32mΓ£ô[39m 13 modules transformed.
node.exe : [31mΓ£ù[39m 
Build failed in 314ms
At C:\Program 
Files\nodejs\npm.ps1:29 
char:3
+   & $NODE_EXE $NPM_CLI_JS 
$args
+   
~~~~~~~~~~~~~~~~~~~~~~~~~~~~~
    + CategoryInfo           
   : NotSpecified: ([31mΓ£  
  ù[39m Build failed in 3   
 14ms:String) [], RemoteE    
xception
    + FullyQualifiedErrorId  
   : NativeCommandError
 
[31merror during build:
[31m[vite:css] [postcss] It 
looks like you're trying to 
use `tailwindcss` directly 
as a PostCSS plugin. The 
PostCSS plugin has moved to 
a separate package, so to 
continue using Tailwind CSS 
with PostCSS you'll need to 
install 
`@tailwindcss/postcss` and 
update your PostCSS 
configuration.[31m
file: [36mC:/Users/apaar/Des
ktop/ai-study-planner/fronten
d/src/index.css:undefined:NaN
[31m
    at at (C:\Users\apaar\Des
ktop\ai-study-planner\fronten
d\node_modules\tailwindcss\di
st\lib.js:38:1643)
    at LazyResult.runOnRoot (
C:\Users\apaar\Desktop\ai-stu
dy-planner\frontend\node_modu
les\postcss\lib\lazy-result.j
s:361:16)
    at LazyResult.runAsync (C
:\Users\apaar\Desktop\ai-stud
y-planner\frontend\node_modul
es\postcss\lib\lazy-result.js
:290:26)
    at LazyResult.async (C:\U
sers\apaar\Desktop\ai-study-p
lanner\frontend\node_modules\
postcss\lib\lazy-result.js:19
2:30)
    at LazyResult.then (C:\Us
ers\apaar\Desktop\ai-study-pl
anner\frontend\node_modules\p
ostcss\lib\lazy-result.js:436
:17)[39m
